
> server@1.0.0 dev
> PORT=3001 nodemon server-auth.js

[33m[nodemon] 3.1.10[39m
[33m[nodemon] to restart at any time, enter `rs`[39m
[33m[nodemon] watching path(s): *.*[39m
[33m[nodemon] watching extensions: js,mjs,cjs,json[39m
[32m[nodemon] starting `node server-auth.js`[39m
[dotenv@17.2.0] injecting env (0) from .env (tip: ⚙️  write to custom object with { processEnv: myObject })
[dotenv@17.2.0] injecting env (0) from .env (tip: 🔐 prevent committing .env to code: https://dotenvx.com/precommit)
🚀 Starting authentication server with database...
✅ MongoDB connected successfully
📊 Database: test

🎉 Server running successfully!
📍 URL: http://localhost:3001
🌐 CORS: Accepting all origins for development
💾 Database: test

📋 Available endpoints:
   GET  /health
   GET  /api/test
   GET  /api/debug/users
   POST /api/sales/auth/login
   GET  /api/admin/sales-members
   PUT  /api/admin/sales-members/:id
   GET  /api/invoices
   GET  /api/purchaseorders
   GET  /api/dashboard/summary

🔧 Test your frontend now!
   Frontend should connect to: http://localhost:3001

🔑 Login credentials:
   Email: admin@gmail.com
   Password: Admin@123

🐛 Debug users: http://localhost:3001/api/debug/users
📧 GET /health from no-origin
✅ Health check requested
[31m[nodemon] app crashed - waiting for file changes before starting...[39m
[32m[nodemon] restarting due to changes...[39m
[32m[nodemon] starting `node server-auth.js`[39m
[32m[nodemon] restarting due to changes...[39m
[32m[nodemon] starting `node server-auth.js`[39m
[dotenv@17.2.0] injecting env (0) from .env (tip: 🛠️  run anywhere with `dotenvx run -- yourcommand`)
[dotenv@17.2.0] injecting env (0) from .env (tip: 🔐 prevent building .env in docker: https://dotenvx.com/prebuild)
🚀 Starting authentication server with database...
✅ MongoDB connected successfully
📊 Database: test
node:events:491
      throw er; // Unhandled 'error' event
      ^

Error: listen EADDRINUSE: address already in use 0.0.0.0:3001
    at Server.setupListenHandle [as _listen2] (node:net:1937:16)
    at listenInCluster (node:net:1994:12)
    at node:net:2203:7
    at process.processTicksAndRejections (node:internal/process/task_queues:90:21)
Emitted 'error' event on Server instance at:
    at emitErrorNT (node:net:1973:8)
    at process.processTicksAndRejections (node:internal/process/task_queues:90:21) {
  code: 'EADDRINUSE',
  errno: -48,
  syscall: 'listen',
  address: '0.0.0.0',
  port: 3001
}

Node.js v23.5.0
[31m[nodemon] app crashed - waiting for file changes before starting...[39m
[32m[nodemon] restarting due to changes...[39m
[32m[nodemon] starting `node server-auth.js`[39m
[dotenv@17.2.0] injecting env (0) from .env (tip: 🔐 prevent building .env in docker: https://dotenvx.com/prebuild)
[dotenv@17.2.0] injecting env (0) from .env (tip: ⚙️  load multiple .env files with { path: ['.env.local', '.env'] })
🚀 Starting authentication server with database...
✅ MongoDB connected successfully
📊 Database: test
node:events:491
      throw er; // Unhandled 'error' event
      ^

Error: listen EADDRINUSE: address already in use 0.0.0.0:3001
    at Server.setupListenHandle [as _listen2] (node:net:1937:16)
    at listenInCluster (node:net:1994:12)
    at node:net:2203:7
    at process.processTicksAndRejections (node:internal/process/task_queues:90:21)
Emitted 'error' event on Server instance at:
    at emitErrorNT (node:net:1973:8)
    at process.processTicksAndRejections (node:internal/process/task_queues:90:21) {
  code: 'EADDRINUSE',
  errno: -48,
  syscall: 'listen',
  address: '0.0.0.0',
  port: 3001
}

Node.js v23.5.0
[31m[nodemon] app crashed - waiting for file changes before starting...[39m
